// Jest Snapshot v1, https://goo.gl/fbAQLP

exports[`Gallery is rendering matches snapshot 1`] = `
<DocumentFragment>
  <section>
    <h1
      data-testid="h1tag"
    >
      Portraits
    </h1>
    <p>
      Portrails of people in my life
    </p>
    <div
      class="flex-row"
    >
      <div>
        <div
          class="flex-row"
        >
          <img
            alt="Cat green eyes"
            class="img-thumbnail mx-1"
          />
          <img
            alt="Green parrot"
            class="img-thumbnail mx-1"
          />
          <img
            alt="Yellow macaw"
            class="img-thumbnail mx-1"
          />
          <img
            alt="Pug smile"
            class="img-thumbnail mx-1"
          />
        </div>
      </div>
    </div>
  </section>
</DocumentFragment>
`;
